
Currently Loaded Modules:
  1) 2023.01                          (S)  10) SQLite/3.38.3-GCCcore-11.3.0
  2) StdEnv                           (S)  11) XZ/5.2.5-GCCcore-11.3.0
  3) GCCcore/11.3.0                        12) GMP/6.2.1-GCCcore-11.3.0
  4) zlib/1.2.12-GCCcore-11.3.0            13) libffi/3.4.2-GCCcore-11.3.0
  5) binutils/2.38-GCCcore-11.3.0          14) OpenSSL/1.1
  6) bzip2/1.0.8-GCCcore-11.3.0            15) Python/3.10.4-GCCcore-11.3.0
  7) ncurses/6.3-GCCcore-11.3.0            16) CUDA/11.8.0
  8) libreadline/8.1.2-GCCcore-11.3.0      17) cuDNN/8.7.0.84-CUDA-11.8.0
  9) Tcl/8.6.12-GCCcore-11.3.0

  Where:
   S:  Module is Sticky, requires --force to unload or purge

 

2026-02-07 21:15:35.722726: I external/local_xla/xla/tsl/cuda/cudart_stub.cc:31] Could not find cuda drivers on your machine, GPU will not be used.
2026-02-07 21:15:35.779625: I tensorflow/core/platform/cpu_feature_guard.cc:210] This TensorFlow binary is optimized to use available CPU instructions in performance-critical operations.
To enable the following instructions: AVX2 AVX512F FMA, in other operations, rebuild TensorFlow with the appropriate compiler flags.
/home2/s5549329/ForecatsingWindPower/ml/.venv/lib/python3.10/site-packages/google/api_core/_python_version_support.py:275: FutureWarning: You are using a Python version (3.10.4) which Google will stop supporting in new releases of google.api_core once it reaches its end of life (2026-10-04). Please upgrade to the latest Python version, or at least Python 3.11, to continue receiving updates for google.api_core past that date.
  warnings.warn(message, FutureWarning)
2026-02-07 21:15:42.106134: I external/local_xla/xla/tsl/cuda/cudart_stub.cc:31] Could not find cuda drivers on your machine, GPU will not be used.
WARNING: All log messages before absl::InitializeLog() is called are written to STDERR
E0000 00:00:1770495347.145999 3920721 cuda_executor.cc:1309] INTERNAL: CUDA Runtime error: Failed call to cudaGetRuntimeVersion: Error loading CUDA libraries. GPU will not be used.: Error loading CUDA libraries. GPU will not be used.
W0000 00:00:1770495347.190368 3920721 gpu_device.cc:2342] Cannot dlopen some GPU libraries. Please make sure the missing libraries mentioned above are installed properly if you would like to use GPU. Follow the guide at https://www.tensorflow.org/install/gpu for how to download and setup the required libraries for your platform.
Skipping registering GPU devices...
2026-02-07 21:15:48.396297: I external/local_xla/xla/tsl/cuda/cudart_stub.cc:31] Could not find cuda drivers on your machine, GPU will not be used.
2026-02-07 21:15:48.455391: I tensorflow/core/platform/cpu_feature_guard.cc:210] This TensorFlow binary is optimized to use available CPU instructions in performance-critical operations.
To enable the following instructions: AVX2 AVX512F FMA, in other operations, rebuild TensorFlow with the appropriate compiler flags.
/home2/s5549329/ForecatsingWindPower/ml/.venv/lib/python3.10/site-packages/google/api_core/_python_version_support.py:275: FutureWarning: You are using a Python version (3.10.4) which Google will stop supporting in new releases of google.api_core once it reaches its end of life (2026-10-04). Please upgrade to the latest Python version, or at least Python 3.11, to continue receiving updates for google.api_core past that date.
  warnings.warn(message, FutureWarning)
2026-02-07 21:15:50.530048: I external/local_xla/xla/tsl/cuda/cudart_stub.cc:31] Could not find cuda drivers on your machine, GPU will not be used.
WARNING: All log messages before absl::InitializeLog() is called are written to STDERR
E0000 00:00:1770495353.011892 3920750 cuda_executor.cc:1309] INTERNAL: CUDA Runtime error: Failed call to cudaGetRuntimeVersion: Error loading CUDA libraries. GPU will not be used.: Error loading CUDA libraries. GPU will not be used.
W0000 00:00:1770495353.055424 3920750 gpu_device.cc:2342] Cannot dlopen some GPU libraries. Please make sure the missing libraries mentioned above are installed properly if you would like to use GPU. Follow the guide at https://www.tensorflow.org/install/gpu for how to download and setup the required libraries for your platform.
Skipping registering GPU devices...
